<html>
<body>
<pre>
<h1>µVision Build Log</h1>
<h2>Tool Versions:</h2>
IDE-Version: ¦ÌVision V5.31.0.0
Copyright (C) 2020 ARM Ltd and ARM Germany GmbH. All rights reserved.
License Information: lenovo winglab, lenovo, LIC=ZB4EI-TBTW1-SBZEJ-UU00N-NS04L-U0YCK
 
Tool Versions:
Toolchain:       MDK-ARM Plus  Version: 5.31.0.0
Toolchain Path:  C:\Keil_v5\ARM\ARMCC\Bin
C Compiler:      Armcc.exe V5.06 update 6 (build 750)
Assembler:       Armasm.exe V5.06 update 6 (build 750)
Linker/Locator:  ArmLink.exe V5.06 update 6 (build 750)
Library Manager: ArmAr.exe V5.06 update 6 (build 750)
Hex Converter:   FromElf.exe V5.06 update 6 (build 750)
CPU DLL:         SARMCM3.DLL V5.31.0.0
Dialog DLL:      DCM.DLL V1.17.3.0
Target DLL:      Segger\JL2CM3.dll V2.99.38.0
Dialog DLL:      TCM.DLL V1.46.0.0
 
<h2>Project:</h2>
C:\STM32CubeMX_Demo\Transmitter\MDK-ARM\Transmitter.uvprojx
Project File Date:  02/13/2021

<h2>Output:</h2>
*** Using Compiler 'V5.06 update 6 (build 750)', folder: 'C:\Keil_v5\ARM\ARMCC\Bin'
Build target 'Transmitter'
assembling startup_stm32f103xb.s...
compiling adc.c...
compiling gpio.c...
compiling main.c...
../Core/Src/main.c(121): warning:  #188-D: enumerated type mixed with another type
  			HAL_GPIO_WritePin(LED_GPIO_Port, LED_Pin, 1);
../Core/Src/main.c(140): warning:  #188-D: enumerated type mixed with another type
  		HAL_GPIO_WritePin(LED_GPIO_Port, LED_Pin, 1);
../Core/Src/main.c(134): warning:  #128-D: loop is not reachable
    while (1)
../Core/Src/main.c(71): warning:  #177-D: variable "buff"  was declared but never referenced
  	uint8_t buff[10] = {"hello\r\n"};
../Core/Src/main.c(72): warning:  #550-D: variable "mode"  was set but never used
  	u8 key=0,mode;
../Core/Src/main.c: 5 warnings, 0 errors
compiling stm32f1xx_it.c...
compiling spi.c...
compiling dma.c...
compiling stm32f1xx_hal_gpio_ex.c...
compiling stm32f1xx_hal_msp.c...
compiling stm32f1xx_hal_pcd.c...
compiling stm32f1xx_hal_pcd_ex.c...
compiling stm32f1xx_hal.c...
compiling stm32f1xx_ll_usb.c...
compiling stm32f1xx_hal_rcc_ex.c...
compiling stm32f1xx_hal_gpio.c...
compiling stm32f1xx_hal_rcc.c...
compiling stm32f1xx_hal_cortex.c...
compiling stm32f1xx_hal_pwr.c...
compiling stm32f1xx_hal_dma.c...
compiling stm32f1xx_hal_exti.c...
compiling stm32f1xx_hal_flash.c...
compiling stm32f1xx_hal_flash_ex.c...
compiling stm32f1xx_hal_adc_ex.c...
compiling stm32f1xx_hal_adc.c...
compiling stm32f1xx_hal_spi.c...
compiling stm32f1xx_hal_tim_ex.c...
compiling system_stm32f1xx.c...
compiling stm32f1xx_hal_tim.c...
compiling usbd_desc.c...
compiling usbd_cdc_if.c...
compiling usb_device.c...
compiling usbd_core.c...
compiling usbd_conf.c...
compiling usbd_ctlreq.c...
compiling usbd_ioreq.c...
compiling usbd_cdc.c...
compiling 24l01.c...
linking...
Program Size: Code=15772 RO-data=296 RW-data=388 ZI-data=5780  
FromELF: creating hex file...
"Transmitter\Transmitter.axf" - 0 Error(s), 5 Warning(s).

<h2>Software Packages used:</h2>

Package Vendor: ARM
                http://www.keil.com/pack/ARM.CMSIS.5.7.0.pack
                ARM.CMSIS.5.7.0
                CMSIS (Cortex Microcontroller Software Interface Standard)
   * Component: CORE Version: 5.4.0

Package Vendor: Keil
                http://www.keil.com/pack/Keil.STM32F1xx_DFP.2.3.0.pack
                Keil.STM32F1xx_DFP.2.3.0
                STMicroelectronics STM32F1 Series Device Support, Drivers and Examples

<h2>Collection of Component include folders:</h2>
  .\RTE\_Transmitter
  C:\Users\winglab\AppData\Local\Arm\Packs\ARM\CMSIS\5.7.0\CMSIS\Core\Include
  C:\Users\winglab\AppData\Local\Arm\Packs\Keil\STM32F1xx_DFP\2.3.0\Device\Include

<h2>Collection of Component Files used:</h2>

   * Component: ARM::CMSIS:CORE:5.4.0
Build Time Elapsed:  00:00:39
</pre>
</body>
</html>
